[{"id":1,"title":"Test Book 1","author":"Test Author 1"},{"id":2,"title":"Test Book 2","author":"Test Author 2"}]