{"id":1,"title":"Test Book 1","author":"Test Author 1"}